/projects/challenge/blog/src/main/java/com/app/blog/controllers/GlobalController.java
/projects/challenge/blog/src/main/java/com/app/blog/util/PostMapper.java
/projects/challenge/blog/src/main/java/com/app/blog/util/JWTUtils.java
/projects/challenge/blog/src/main/java/com/app/blog/SwaggerConfig.java
/projects/challenge/blog/src/main/java/com/app/blog/JwtFilter.java
/projects/challenge/blog/src/main/java/com/app/blog/models/Posts.java
/projects/challenge/blog/src/main/java/com/app/blog/util/Constants.java
/projects/challenge/blog/src/main/java/com/app/blog/util/EntitiyHawk.java
/projects/challenge/blog/src/main/java/com/app/blog/repository/UserRepository.java
/projects/challenge/blog/src/main/java/com/app/blog/dto/PostDTO.java
/projects/challenge/blog/src/main/java/com/app/blog/dto/LoginDto.java
/projects/challenge/blog/src/main/java/com/app/blog/BlogApplication.java
/projects/challenge/blog/src/main/java/com/app/blog/controllers/UserController.java
/projects/challenge/blog/src/main/java/com/app/blog/repository/PostRepository.java
/projects/challenge/blog/src/main/java/com/app/blog/dto/RegisterUserDTO.java
/projects/challenge/blog/src/main/java/com/app/blog/dto/UpdatePostDTO.java
/projects/challenge/blog/src/main/java/com/app/blog/models/Users.java
